// Jest Snapshot v1, https://goo.gl/fbAQLP

exports[`Storyshots Chat message Message 1`] = `
<div>
  Hey
</div>
`;
